#
# There is insufficient memory for the Java Runtime Environment to continue.
# Native memory allocation (mmap) failed to map 266338304 bytes. Error detail: G1 virtual space
# Possible reasons:
#   The system is out of physical RAM or swap space
#   This process is running with CompressedOops enabled, and the Java Heap may be blocking the growth of the native heap
# Possible solutions:
#   Reduce memory load on the system
#   Increase physical memory or swap space
#   Check if swap backing store is full
#   Decrease Java heap size (-Xmx/-Xms)
#   Decrease number of Java threads
#   Decrease Java thread stack sizes (-Xss)
#   Set larger code cache with -XX:ReservedCodeCacheSize=
#   JVM is running with Zero Based Compressed Oops mode in which the Java heap is
#     placed in the first 32GB address space. The Java Heap base address is the
#     maximum limit for the native heap growth. Please use -XX:HeapBaseMinAddress
#     to set the Java Heap base and to place the Java Heap above 32GB virtual address.
# This output file may be truncated or incomplete.
#
#  Out of Memory Error (os_windows.cpp:3631), pid=9532, tid=7716
#
# JRE version:  (22.0.2+9) (build )
# Java VM: Java HotSpot(TM) 64-Bit Server VM (22.0.2+9-70, mixed mode, sharing, tiered, compressed oops, compressed class ptrs, g1 gc, windows-amd64)
# No core dump will be written. Minidumps are not enabled by default on client versions of Windows
#

---------------  S U M M A R Y ------------

Command Line: -Dfile.encoding=UTF-8 -Dstdout.encoding=UTF-8 -Dstderr.encoding=UTF-8 -XX:+ShowCodeDetailsInExceptionMessages bank.management.system.SignupThree

Host: Intel(R) Core(TM) i7-8665U CPU @ 1.90GHz, 8 cores, 15G,  Windows 10 , 64 bit Build 19041 (10.0.19041.5438)
Time: Mon Mar 24 08:20:28 2025 India Standard Time elapsed time: 0.019982 seconds (0d 0h 0m 0s)

---------------  T H R E A D  ---------------

Current thread (0x00000199e90ce920):  JavaThread "Unknown thread" [_thread_in_vm, id=7716, stack(0x0000000cf8100000,0x0000000cf8200000) (1024K)]

Stack: [0x0000000cf8100000,0x0000000cf8200000]
Native frames: (J=compiled Java code, j=interpreted, Vv=VM code, C=native code)
V  [jvm.dll+0x6e26e9]  (no source info available)
V  [jvm.dll+0x875753]  (no source info available)
V  [jvm.dll+0x877b7e]  (no source info available)
V  [jvm.dll+0x878253]  (no source info available)
V  [jvm.dll+0x27fc86]  (no source info available)
V  [jvm.dll+0x6ded85]  (no source info available)
V  [jvm.dll+0x6d388a]  (no source info available)
V  [jvm.dll+0x358b8a]  (no source info available)
V  [jvm.dll+0x3610b6]  (no source info available)
V  [jvm.dll+0x3b419e]  (no source info available)
V  [jvm.dll+0x3b4448]  (no source info available)
V  [jvm.dll+0x32c5ec]  (no source info available)
V  [jvm.dll+0x32d258]  (no source info available)
V  [jvm.dll+0x83d5ac]  (no source info available)
V  [jvm.dll+0x3c10d1]  (no source info available)
V  [jvm.dll+0x8264cc]  (no source info available)
V  [jvm.dll+0x45bd5e]  (no source info available)
V  [jvm.dll+0x45dbe1]  (no source info available)
C  [jli.dll+0x52a3]  (no source info available)
C  [ucrtbase.dll+0x21bb2]  (no source info available)
C  [KERNEL32.DLL+0x17374]  (no source info available)
C  [ntdll.dll+0x4cc91]  (no source info available)


---------------  P R O C E S S  ---------------

Threads class SMR info:
_java_thread_list=0x00007ffc1b34c1c8, length=0, elements={
}

Java Threads: ( => current thread )
Total: 0

Other Threads:
  0x00000199eb205510 WorkerThread "GC Thread#0"                     [id=2240, stack(0x0000000cf8200000,0x0000000cf8300000) (1024K)]
  0x00000199eb216b60 ConcurrentGCThread "G1 Main Marker"            [id=4128, stack(0x0000000cf8300000,0x0000000cf8400000) (1024K)]
  0x00000199eb217670 WorkerThread "G1 Conc#0"                       [id=1884, stack(0x0000000cf8400000,0x0000000cf8500000) (1024K)]

[error occurred during error reporting (printing all threads), id 0xc0000005, EXCEPTION_ACCESS_VIOLATION (0xc0000005) at pc=0x00007ffc1aa9f517]
VM state: not at safepoint (not fully initialized)

VM Mutex/Monitor currently owned by a thread:  ([mutex/lock_event])
[0x00007ffc1b3ccc80] Heap_lock - owner thread: 0x00000199e90ce920

Heap address: 0x0000000702e00000, size: 4050 MB, Compressed Oops mode: Zero based, Oop shift amount: 3

CDS archive(s) mapped at: [0x0000000000000000-0x0000000000000000-0x0000000000000000), size 0, SharedBaseAddress: 0x0000000800000000, ArchiveRelocationMode: 1.
Narrow klass base: 0x0000000000000000, Narrow klass shift: 0, Narrow klass range: 0x0

GC Precious Log:
 CardTable entry size: 512
 Card Set container configuration: InlinePtr #cards 4 size 8 Array Of Cards #cards 16 size 48 Howl #buckets 8 coarsen threshold 3686 Howl Bitmap #cards 512 size 80 coarsen threshold 460 Card regions per heap region 1 cards per card region 4096

Heap:
 garbage-first heap   total reserved 4147200K, committed 0K, used 0K [0x0000000702e00000, 0x0000000800000000)
  region size 2048K, 0 young (0K), 0 survivors (0K)

[error occurred during error reporting (printing heap information), id 0xc0000005, EXCEPTION_ACCESS_VIOLATION (0xc0000005) at pc=0x00007ffc1ae9e869]
GC Heap History (0 events):
No events

Dll operation events (1 events):
Event: 0.013 Loaded shared library C:\Program Files\Java\jdk-22\bin\java.dll

Deoptimization events (0 events):
No events

Classes loaded (0 events):
No events

Classes unloaded (0 events):
No events

Classes redefined (0 events):
No events

Internal exceptions (0 events):
No events

ZGC Phase Switch (0 events):
No events

VM Operations (0 events):
No events

Memory protections (0 events):
No events

Nmethod flushes (0 events):
No events

Events (0 events):
No events


Dynamic libraries:
0x00007ff638410000 - 0x00007ff638420000 	C:\Program Files\Java\jdk-22\bin\javaw.exe
0x00007ffc9bdd0000 - 0x00007ffc9bfc8000 	C:\Windows\SYSTEM32\ntdll.dll
0x00007ffc9b370000 - 0x00007ffc9b432000 	C:\Windows\System32\KERNEL32.DLL
0x00007ffc994c0000 - 0x00007ffc997bf000 	C:\Windows\System32\KERNELBASE.dll
0x00007ffc99930000 - 0x00007ffc99a30000 	C:\Windows\System32\ucrtbase.dll
0x00007ffc81cb0000 - 0x00007ffc81ccb000 	C:\Program Files\Java\jdk-22\bin\VCRUNTIME140.dll
0x00007ffc819e0000 - 0x00007ffc819f7000 	C:\Program Files\Java\jdk-22\bin\jli.dll
0x00007ffc9bbf0000 - 0x00007ffc9bd8d000 	C:\Windows\System32\USER32.dll
0x00007ffc91520000 - 0x00007ffc917ba000 	C:\Windows\WinSxS\amd64_microsoft.windows.common-controls_6595b64144ccf1df_6.0.19041.4355_none_60b8b9eb71f62e16\COMCTL32.dll
0x00007ffc99b50000 - 0x00007ffc99b72000 	C:\Windows\System32\win32u.dll
0x00007ffc9aca0000 - 0x00007ffc9ad3e000 	C:\Windows\System32\msvcrt.dll
0x00007ffc9b450000 - 0x00007ffc9b47b000 	C:\Windows\System32\GDI32.dll
0x00007ffc99a30000 - 0x00007ffc99b4a000 	C:\Windows\System32\gdi32full.dll
0x00007ffc99ce0000 - 0x00007ffc99d7d000 	C:\Windows\System32\msvcp_win.dll
0x00007ffc9a130000 - 0x00007ffc9a15f000 	C:\Windows\System32\IMM32.DLL
0x00007ffc96b00000 - 0x00007ffc96b0c000 	C:\Program Files\Java\jdk-22\bin\vcruntime140_1.dll
0x00007ffc62010000 - 0x00007ffc6209e000 	C:\Program Files\Java\jdk-22\bin\msvcp140.dll
0x00007ffc1a760000 - 0x00007ffc1b4a9000 	C:\Program Files\Java\jdk-22\bin\server\jvm.dll
0x00007ffc9b2c0000 - 0x00007ffc9b36f000 	C:\Windows\System32\ADVAPI32.dll
0x00007ffc9a000000 - 0x00007ffc9a09f000 	C:\Windows\System32\sechost.dll
0x00007ffc9aef0000 - 0x00007ffc9b013000 	C:\Windows\System32\RPCRT4.dll
0x00007ffc997c0000 - 0x00007ffc997e7000 	C:\Windows\System32\bcrypt.dll
0x00007ffc9ada0000 - 0x00007ffc9ae0b000 	C:\Windows\System32\WS2_32.dll
0x00007ffc989b0000 - 0x00007ffc989fb000 	C:\Windows\SYSTEM32\POWRPROF.dll
0x00007ffc819b0000 - 0x00007ffc819d7000 	C:\Windows\SYSTEM32\WINMM.dll
0x00007ffc95690000 - 0x00007ffc9569a000 	C:\Windows\SYSTEM32\VERSION.dll
0x00007ffc98870000 - 0x00007ffc98882000 	C:\Windows\SYSTEM32\UMPDC.dll
0x00007ffc97210000 - 0x00007ffc97222000 	C:\Windows\SYSTEM32\kernel.appcore.dll
0x00007ffc95860000 - 0x00007ffc9586a000 	C:\Program Files\Java\jdk-22\bin\jimage.dll
0x00007ffc8e750000 - 0x00007ffc8e934000 	C:\Windows\SYSTEM32\DBGHELP.DLL
0x00007ffc7a610000 - 0x00007ffc7a644000 	C:\Windows\SYSTEM32\dbgcore.DLL
0x00007ffc997f0000 - 0x00007ffc99872000 	C:\Windows\System32\bcryptPrimitives.dll
0x00007ffc61ff0000 - 0x00007ffc6200e000 	C:\Program Files\Java\jdk-22\bin\java.dll
0x00007ffc9b480000 - 0x00007ffc9bbed000 	C:\Windows\System32\SHELL32.dll
0x00007ffc9b180000 - 0x00007ffc9b2ab000 	C:\Windows\System32\ole32.dll
0x00007ffc9a400000 - 0x00007ffc9a755000 	C:\Windows\System32\combase.dll

dbghelp: loaded successfully - version: 4.0.5 - missing functions: none
symbol engine: initialized successfully - sym options: 0x614 - pdb path: .;C:\Program Files\Java\jdk-22\bin;C:\Windows\SYSTEM32;C:\Windows\WinSxS\amd64_microsoft.windows.common-controls_6595b64144ccf1df_6.0.19041.4355_none_60b8b9eb71f62e16;C:\Program Files\Java\jdk-22\bin\server

VM Arguments:
jvm_args: -Dfile.encoding=UTF-8 -Dstdout.encoding=UTF-8 -Dstderr.encoding=UTF-8 -XX:+ShowCodeDetailsInExceptionMessages 
java_command: bank.management.system.SignupThree
java_class_path (initial): C:\Users\Saurabh\eclipse-workspace\Bank_Management_System\bin;C:\Users\Saurabh\eclipse-workspace\Bank_Management_System\lib\jcalendar-tz-1.3.3-4.jar;C:\Users\Saurabh\eclipse-workspace\Bank_Management_System\lib\mysql-connector-java-8.0.28.jar
Launcher Type: SUN_STANDARD

[Global flags]
     intx CICompilerCount                          = 4                                         {product} {ergonomic}
     uint ConcGCThreads                            = 2                                         {product} {ergonomic}
     uint G1ConcRefinementThreads                  = 8                                         {product} {ergonomic}
   size_t G1HeapRegionSize                         = 2097152                                   {product} {ergonomic}
   size_t InitialHeapSize                          = 266338304                                 {product} {ergonomic}
   size_t MarkStackSize                            = 4194304                                   {product} {ergonomic}
   size_t MaxHeapSize                              = 4246732800                                {product} {ergonomic}
   size_t MinHeapDeltaBytes                        = 2097152                                   {product} {ergonomic}
   size_t MinHeapSize                              = 8388608                                   {product} {ergonomic}
    uintx NonNMethodCodeHeapSize                   = 5839372                                {pd product} {ergonomic}
    uintx NonProfiledCodeHeapSize                  = 122909434                              {pd product} {ergonomic}
    uintx ProfiledCodeHeapSize                     = 122909434                              {pd product} {ergonomic}
    uintx ReservedCodeCacheSize                    = 251658240                              {pd product} {ergonomic}
     bool SegmentedCodeCache                       = true                                      {product} {ergonomic}
     bool ShowCodeDetailsInExceptionMessages       = true                                   {manageable} {command line}
   size_t SoftMaxHeapSize                          = 4246732800                             {manageable} {ergonomic}
     bool UseCompressedOops                        = true                           {product lp64_product} {ergonomic}
     bool UseG1GC                                  = true                                      {product} {ergonomic}
     bool UseLargePagesIndividualAllocation        = false                                  {pd product} {ergonomic}

Logging:
Log output configuration:
 #0: stdout all=warning uptime,level,tags foldmultilines=false
 #1: stderr all=off uptime,level,tags foldmultilines=false

Environment Variables:
JAVA_HOME=C:\Program Files\Java\jdk-21\bin
PATH=C:/Users/Saurabh/.p2/pool/plugins/org.eclipse.justj.openjdk.hotspot.jre.full.win32.x86_64_22.0.1.v20240426-1149/jre/bin/server;C:/Users/Saurabh/.p2/pool/plugins/org.eclipse.justj.openjdk.hotspot.jre.full.win32.x86_64_22.0.1.v20240426-1149/jre/bin;C:\Program Files\Common Files\Oracle\Java\javapath;C:\Windows\system32;C:\Windows;C:\Windows\System32\Wbem;C:\Windows\System32\WindowsPowerShell\v1.0\;C:\Windows\System32\OpenSSH\.;C:\Program Files\Java\jdk-21\bin;C:\Program Files\Git\cmd;C:\Program Files\MongoDB\Server\8.0\bin;C:\Program Files\nodejs\;C:\Program Files\Apache\Maven\apache-maven-3.9.9\bin;C:\Users\Saurabh\.cargo\bin;C:\Program Files\MySQL\MySQL Shell 8.0\bin\;C:\Users\Saurabh\AppData\Local\Microsoft\WindowsApps;C:\Users\Saurabh\AppData\Local\Programs\Microsoft VS Code\bin;C:\Users\Saurabh\AppData\Local\GitHubDesktop\bin;C:\Program Files\JetBrains\IntelliJ IDEA 2024.2.2\bin;;C:\Program Files\JetBrains\IntelliJ IDEA Community Edition 2024.2.2\bin;;C:\Users\Saurabh\AppData\Roaming\npm;C:\Windows\System32;
USERNAME=Saurabh
OS=Windows_NT
PROCESSOR_IDENTIFIER=Intel64 Family 6 Model 142 Stepping 12, GenuineIntel
TMP=C:\Users\Saurabh\AppData\Local\Temp
TEMP=C:\Users\Saurabh\AppData\Local\Temp




Periodic native trim disabled

---------------  S Y S T E M  ---------------

OS:
 Windows 10 , 64 bit Build 19041 (10.0.19041.5438)
OS uptime: 5 days 15:12 hours

CPU: total 8 (initial active 8) (4 cores per cpu, 2 threads per core) family 6 model 142 stepping 12 microcode 0xfa, cx8, cmov, fxsr, ht, mmx, 3dnowpref, sse, sse2, sse3, ssse3, sse4.1, sse4.2, popcnt, lzcnt, tsc, tscinvbit, avx, avx2, aes, erms, clmul, bmi1, bmi2, adx, fma, vzeroupper, clflush, clflushopt, rdtscp, f16c
Processor Information for processor 0
  Max Mhz: 2112, Current Mhz: 1910, Mhz Limit: 1900
Processor Information for processor 1
  Max Mhz: 2112, Current Mhz: 1408, Mhz Limit: 1900
Processor Information for processor 2
  Max Mhz: 2112, Current Mhz: 1910, Mhz Limit: 1900
Processor Information for processor 3
  Max Mhz: 2112, Current Mhz: 1408, Mhz Limit: 1900
Processor Information for processor 4
  Max Mhz: 2112, Current Mhz: 1910, Mhz Limit: 1900
Processor Information for processor 5
  Max Mhz: 2112, Current Mhz: 1910, Mhz Limit: 1900
Processor Information for processor 6
  Max Mhz: 2112, Current Mhz: 1910, Mhz Limit: 1900
Processor Information for processor 7
  Max Mhz: 2112, Current Mhz: 1408, Mhz Limit: 1900

Memory: 4k page, system-wide physical 16198M (7879M free)
TotalPageFile size 19897M (AvailPageFile size 99M)
current process WorkingSet (physical memory assigned to process): 11M, peak: 11M
current process commit charge ("private bytes"): 60M, peak: 314M

vm_info: Java HotSpot(TM) 64-Bit Server VM (22.0.2+9-70) for windows-amd64 JRE (22.0.2+9-70), built on 2024-06-04T16:52:23Z by "mach5one" with MS VC++ 17.6 (VS2022)

END.
